$0.23
$0.23
$0.24
$0.26
$0.27
$0.62
$0.71
$0.91
$0.94
$1.02
$1.14
$1.17
$1.19
$1.23
$1.24
$1.25
$1.29
$1.30
$1.46
$1.48
$1.50
$1.53
$12.34
$12.99
$14.99
$17.09
$17.99
$2.50
$21.84
$22.99
$24.10
$24.59
$25.88
$26.78
$26.99
$26.99
$28.44
$28.49
$28.97
$29.94
$29.94
$29.99
$29.99
$29.99
$3.33
$30.49
$31.52
$32.02
$32.29
$33.29
$33.71
$33.91
$33.99
$34.18
$34.37
$35.14
$35.69
$35.98
$36.18
$36.35
$36.59
$36.99
$36.99
$37.99
$38.26
$39.89
$39.99
$41.99
$45.81
$46.99
$46.99
$47.49
$49.99
$50.90
$54.95
$7.99
$85.91
$90.43
$97.99
